2025-06-04 12:14:50,554 - pyswarms.single.local_best - INFO - Optimize for 20 iters with {'c1': 0.5, 'c2': 0.3, 'w': 0.9, 'k': 2, 'p': 2}
2025-06-04 12:14:53,558 - pyswarms.single.local_best - INFO - Optimization finished | best cost: -6.440456558659422, best pos: [0.00233221 0.00898767 0.00721286 0.00407872 0.00708712 0.00320307
 0.00290722]
2025-06-04 12:15:51,970 - pyswarms.single.local_best - INFO - Optimize for 20 iters with {'c1': 0.5, 'c2': 0.3, 'w': 0.9, 'k': 2, 'p': 2}
2025-06-04 12:15:54,924 - pyswarms.single.local_best - INFO - Optimization finished | best cost: -6.440456558659422, best pos: [0.00233221 0.00898767 0.00721286 0.00407872 0.00708712 0.00320307
 0.00290722]
2025-06-04 12:17:08,225 - pyswarms.single.local_best - INFO - Optimize for 20 iters with {'c1': 0.5, 'c2': 0.3, 'w': 0.9, 'k': 2, 'p': 2}
2025-06-04 12:17:16,085 - pyswarms.single.local_best - INFO - Optimization finished | best cost: -6.440456558659422, best pos: [0.00233221 0.00898767 0.00721286 0.00407872 0.00708712 0.00320307
 0.00290722]
2025-06-04 12:18:05,224 - pyswarms.single.local_best - INFO - Optimize for 20 iters with {'c1': 0.5, 'c2': 0.3, 'w': 0.9, 'k': 2, 'p': 2}
2025-06-04 12:18:08,201 - pyswarms.single.local_best - INFO - Optimization finished | best cost: -6.440456558659422, best pos: [0.00233221 0.00898767 0.00721286 0.00407872 0.00708712 0.00320307
 0.00290722]
2025-06-04 12:19:08,754 - pyswarms.single.local_best - INFO - Optimize for 20 iters with {'c1': 0.5, 'c2': 0.3, 'w': 0.9, 'k': 2, 'p': 2}
2025-06-04 12:19:11,795 - pyswarms.single.local_best - INFO - Optimization finished | best cost: -6.440456558659422, best pos: [0.00233221 0.00898767 0.00721286 0.00407872 0.00708712 0.00320307
 0.00290722]
2025-06-04 12:20:17,043 - pyswarms.single.local_best - INFO - Optimize for 20 iters with {'c1': 0.5, 'c2': 0.3, 'w': 0.9, 'k': 2, 'p': 2}
2025-06-04 12:20:20,102 - pyswarms.single.local_best - INFO - Optimization finished | best cost: -6.440456558659422, best pos: [0.00233221 0.00898767 0.00721286 0.00407872 0.00708712 0.00320307
 0.00290722]
2025-06-04 12:21:29,004 - pyswarms.single.local_best - INFO - Optimize for 20 iters with {'c1': 0.5, 'c2': 0.3, 'w': 0.9, 'k': 2, 'p': 2}
2025-06-04 12:21:31,957 - pyswarms.single.local_best - INFO - Optimization finished | best cost: -6.440456558659422, best pos: [0.00233221 0.00898767 0.00721286 0.00407872 0.00708712 0.00320307
 0.00290722]
2025-06-04 12:21:36,744 - pyswarms.single.local_best - INFO - Optimize for 20 iters with {'c1': 0.5, 'c2': 0.3, 'w': 0.9, 'k': 2, 'p': 2}
2025-06-04 12:21:39,792 - pyswarms.single.local_best - INFO - Optimization finished | best cost: -6.440456558659422, best pos: [0.00233221 0.00898767 0.00721286 0.00407872 0.00708712 0.00320307
 0.00290722]
2025-06-04 12:34:35,737 - pyswarms.single.local_best - INFO - Optimize for 20 iters with {'c1': 0.5, 'c2': 0.3, 'w': 0.9, 'k': 2, 'p': 2}
2025-06-04 12:35:02,853 - pyswarms.single.local_best - INFO - Optimization finished | best cost: -6.440456558659422, best pos: [0.00233221 0.00898767 0.00721286 0.00407872 0.00708712 0.00320307
 0.00290722]
2025-06-04 12:38:11,235 - pyswarms.single.local_best - INFO - Optimize for 20 iters with {'c1': 0.5, 'c2': 0.3, 'w': 0.9, 'k': 2, 'p': 2}
2025-06-04 12:38:23,411 - pyswarms.single.local_best - INFO - Optimization finished | best cost: -6.440456558659422, best pos: [0.00233221 0.00898767 0.00721286 0.00407872 0.00708712 0.00320307
 0.00290722]
2025-06-04 12:41:19,078 - pyswarms.single.local_best - INFO - Optimize for 20 iters with {'c1': 0.5, 'c2': 0.3, 'w': 0.9, 'k': 2, 'p': 2}
2025-06-04 12:41:22,179 - pyswarms.single.local_best - INFO - Optimization finished | best cost: -6.440456558659422, best pos: [0.00233221 0.00898767 0.00721286 0.00407872 0.00708712 0.00320307
 0.00290722]
2025-06-04 12:41:22,822 - pyswarms.single.local_best - INFO - Optimize for 20 iters with {'c1': 0.5, 'c2': 0.3, 'w': 0.9, 'k': 2, 'p': 2}
2025-06-04 12:41:25,881 - pyswarms.single.local_best - INFO - Optimization finished | best cost: -6.440456558659422, best pos: [0.00233221 0.00898767 0.00721286 0.00407872 0.00708712 0.00320307
 0.00290722]
2025-06-04 12:41:25,919 - pyswarms.single.local_best - INFO - Optimize for 20 iters with {'c1': 0.5, 'c2': 0.3, 'w': 0.9, 'k': 2, 'p': 2}
2025-06-04 12:41:29,018 - pyswarms.single.local_best - INFO - Optimization finished | best cost: -6.440456558659422, best pos: [0.00233221 0.00898767 0.00721286 0.00407872 0.00708712 0.00320307
 0.00290722]
2025-06-04 12:41:59,725 - pyswarms.single.local_best - INFO - Optimize for 20 iters with {'c1': 0.5, 'c2': 0.3, 'w': 0.9, 'k': 2, 'p': 2}
2025-06-04 12:42:02,835 - pyswarms.single.local_best - INFO - Optimization finished | best cost: -6.440456558659422, best pos: [0.00233221 0.00898767 0.00721286 0.00407872 0.00708712 0.00320307
 0.00290722]
2025-06-04 12:42:03,207 - pyswarms.single.local_best - INFO - Optimize for 20 iters with {'c1': 0.5, 'c2': 0.3, 'w': 0.9, 'k': 2, 'p': 2}
2025-06-04 12:42:06,327 - pyswarms.single.local_best - INFO - Optimization finished | best cost: -6.440456558659422, best pos: [0.00233221 0.00898767 0.00721286 0.00407872 0.00708712 0.00320307
 0.00290722]
2025-06-04 12:42:06,365 - pyswarms.single.local_best - INFO - Optimize for 20 iters with {'c1': 0.5, 'c2': 0.3, 'w': 0.9, 'k': 2, 'p': 2}
2025-06-04 12:42:09,371 - pyswarms.single.local_best - INFO - Optimization finished | best cost: -6.440456558659422, best pos: [0.00233221 0.00898767 0.00721286 0.00407872 0.00708712 0.00320307
 0.00290722]
2025-06-04 14:17:59,085 - pyswarms.single.local_best - INFO - Optimize for 20 iters with {'c1': 0.5, 'c2': 0.3, 'w': 0.9, 'k': 2, 'p': 2}
2025-06-04 14:18:02,158 - pyswarms.single.local_best - INFO - Optimization finished | best cost: -6.440456558659422, best pos: [0.00233221 0.00898767 0.00721286 0.00407872 0.00708712 0.00320307
 0.00290722]
2025-06-04 14:18:02,445 - pyswarms.single.local_best - INFO - Optimize for 20 iters with {'c1': 0.5, 'c2': 0.3, 'w': 0.9, 'k': 2, 'p': 2}
2025-06-04 14:18:05,576 - pyswarms.single.local_best - INFO - Optimization finished | best cost: -6.739325178625947, best pos: [0.00250821 0.00293097 0.00144383 0.0058875  0.00613691 0.00158357
 0.0035315 ]
2025-06-04 14:18:05,904 - pyswarms.single.local_best - INFO - Optimize for 20 iters with {'c1': 0.5, 'c2': 0.3, 'w': 0.9, 'k': 2, 'p': 2}
2025-06-04 14:18:09,015 - pyswarms.single.local_best - INFO - Optimization finished | best cost: -6.755053000540734, best pos: [0.00293097 0.00144383 0.0058875  0.00613691 0.00158357 0.0035315
 0.        ]
2025-06-04 14:18:09,397 - pyswarms.single.local_best - INFO - Optimize for 20 iters with {'c1': 0.5, 'c2': 0.3, 'w': 0.9, 'k': 2, 'p': 2}
2025-06-04 14:18:12,523 - pyswarms.single.local_best - INFO - Optimization finished | best cost: -6.730808661280314, best pos: [0.00144383 0.0058875  0.00613691 0.00158357 0.0035315  0.
 0.        ]
2025-06-04 14:18:12,879 - pyswarms.single.local_best - INFO - Optimize for 20 iters with {'c1': 0.5, 'c2': 0.3, 'w': 0.9, 'k': 2, 'p': 2}
2025-06-04 14:18:15,958 - pyswarms.single.local_best - INFO - Optimization finished | best cost: -6.440456558659422, best pos: [0.00233221 0.00898767 0.00721286 0.00407872 0.00708712 0.00320307
 0.00290722]
2025-06-04 14:18:15,990 - pyswarms.single.local_best - INFO - Optimize for 20 iters with {'c1': 0.5, 'c2': 0.3, 'w': 0.9, 'k': 2, 'p': 2}
2025-06-04 14:18:18,958 - pyswarms.single.local_best - INFO - Optimization finished | best cost: -6.739325178625947, best pos: [0.00250821 0.00293097 0.00144383 0.0058875  0.00613691 0.00158357
 0.0035315 ]
2025-06-04 14:18:18,992 - pyswarms.single.local_best - INFO - Optimize for 20 iters with {'c1': 0.5, 'c2': 0.3, 'w': 0.9, 'k': 2, 'p': 2}
2025-06-04 14:18:22,007 - pyswarms.single.local_best - INFO - Optimization finished | best cost: -6.755053000540734, best pos: [0.00293097 0.00144383 0.0058875  0.00613691 0.00158357 0.0035315
 0.        ]
2025-06-04 14:18:22,073 - pyswarms.single.local_best - INFO - Optimize for 20 iters with {'c1': 0.5, 'c2': 0.3, 'w': 0.9, 'k': 2, 'p': 2}
2025-06-04 14:18:25,072 - pyswarms.single.local_best - INFO - Optimization finished | best cost: -6.730808661280314, best pos: [0.00144383 0.0058875  0.00613691 0.00158357 0.0035315  0.
 0.        ]
2025-06-04 14:18:25,114 - pyswarms.single.local_best - INFO - Optimize for 20 iters with {'c1': 0.5, 'c2': 0.3, 'w': 0.9, 'k': 2, 'p': 2}
2025-06-04 14:18:28,122 - pyswarms.single.local_best - INFO - Optimization finished | best cost: -6.440456558659422, best pos: [0.00233221 0.00898767 0.00721286 0.00407872 0.00708712 0.00320307
 0.00290722]
2025-06-04 14:20:54,712 - pyswarms.single.local_best - INFO - Optimize for 20 iters with {'c1': 0.5, 'c2': 0.3, 'w': 0.9, 'k': 2, 'p': 2}
2025-06-04 14:20:57,716 - pyswarms.single.local_best - INFO - Optimization finished | best cost: -6.739325178625947, best pos: [0.00250821 0.00293097 0.00144383 0.0058875  0.00613691 0.00158357
 0.0035315 ]
2025-06-04 14:23:17,440 - pyswarms.single.local_best - INFO - Optimize for 20 iters with {'c1': 0.5, 'c2': 0.3, 'w': 0.9, 'k': 2, 'p': 2}
2025-06-04 14:23:20,611 - pyswarms.single.local_best - INFO - Optimization finished | best cost: -6.755053000540734, best pos: [0.00293097 0.00144383 0.0058875  0.00613691 0.00158357 0.0035315
 0.        ]
2025-06-04 14:25:42,846 - pyswarms.single.local_best - INFO - Optimize for 20 iters with {'c1': 0.5, 'c2': 0.3, 'w': 0.9, 'k': 2, 'p': 2}
2025-06-04 14:25:45,885 - pyswarms.single.local_best - INFO - Optimization finished | best cost: -6.730808661280314, best pos: [0.00144383 0.0058875  0.00613691 0.00158357 0.0035315  0.
 0.        ]
2025-06-04 16:41:46,121 - pyswarms.single.local_best - INFO - Optimize for 20 iters with {'c1': 0.5, 'c2': 0.3, 'w': 0.9, 'k': 2, 'p': 2}
2025-06-04 16:41:49,266 - pyswarms.single.local_best - INFO - Optimization finished | best cost: -6.440456558659422, best pos: [0.00233221 0.00898767 0.00721286 0.00407872 0.00708712 0.00320307
 0.00290722]
2025-06-04 17:20:10,326 - pyswarms.single.local_best - INFO - Optimize for 20 iters with {'c1': 0.5, 'c2': 0.3, 'w': 0.9, 'k': 2, 'p': 2}
2025-06-04 17:20:13,458 - pyswarms.single.local_best - INFO - Optimization finished | best cost: -6.440456558659422, best pos: [0.00233221 0.00898767 0.00721286 0.00407872 0.00708712 0.00320307
 0.00290722]
2025-06-04 17:20:34,896 - pyswarms.single.local_best - INFO - Optimize for 20 iters with {'c1': 0.5, 'c2': 0.3, 'w': 0.9, 'k': 2, 'p': 2}
2025-06-04 17:20:38,164 - pyswarms.single.local_best - INFO - Optimization finished | best cost: -6.59274318086034, best pos: [0.0021724  0.00514847 0.00720614 0.00439851 0.00700029 0.00244877
 0.00232395]
2025-06-04 17:20:38,516 - pyswarms.single.local_best - INFO - Optimize for 20 iters with {'c1': 0.5, 'c2': 0.3, 'w': 0.9, 'k': 2, 'p': 2}
2025-06-04 17:20:41,648 - pyswarms.single.local_best - INFO - Optimization finished | best cost: -6.440456558659422, best pos: [0.00233221 0.00898767 0.00721286 0.00407872 0.00708712 0.00320307
 0.00290722]
2025-06-04 17:20:41,683 - pyswarms.single.local_best - INFO - Optimize for 20 iters with {'c1': 0.5, 'c2': 0.3, 'w': 0.9, 'k': 2, 'p': 2}
2025-06-04 17:20:44,727 - pyswarms.single.local_best - INFO - Optimization finished | best cost: -6.440456558659422, best pos: [0.00233221 0.00898767 0.00721286 0.00407872 0.00708712 0.00320307
 0.00290722]
2025-06-04 17:43:47,231 - pyswarms.single.local_best - INFO - Optimize for 20 iters with {'c1': 0.5, 'c2': 0.3, 'w': 0.9, 'k': 2, 'p': 2}
2025-06-04 17:43:50,593 - pyswarms.single.local_best - INFO - Optimization finished | best cost: -6.440456558659422, best pos: [0.00233221 0.00898767 0.00721286 0.00407872 0.00708712 0.00320307
 0.00290722]
2025-06-04 17:43:50,932 - pyswarms.single.local_best - INFO - Optimize for 20 iters with {'c1': 0.5, 'c2': 0.3, 'w': 0.9, 'k': 2, 'p': 2}
2025-06-04 17:43:54,081 - pyswarms.single.local_best - INFO - Optimization finished | best cost: -6.440456558659422, best pos: [0.00233221 0.00898767 0.00721286 0.00407872 0.00708712 0.00320307
 0.00290722]
2025-06-04 17:43:54,119 - pyswarms.single.local_best - INFO - Optimize for 20 iters with {'c1': 0.5, 'c2': 0.3, 'w': 0.9, 'k': 2, 'p': 2}
2025-06-04 17:43:57,194 - pyswarms.single.local_best - INFO - Optimization finished | best cost: -6.440456558659422, best pos: [0.00233221 0.00898767 0.00721286 0.00407872 0.00708712 0.00320307
 0.00290722]
